<testsuites id="" name="" tests="24" failures="0" skipped="0" errors="0" time="4.431786">
<testsuite name="demo-todo-app1.spec.js" timestamp="2024-03-06T18:10:11.929Z" hostname="chromium" tests="24" failures="0" skipped="0" time="20.492" errors="0">
<testcase name="New Todo › should allow me to add todo items" classname="demo-todo-app1.spec.js" time="1.914">
</testcase>
<testcase name="New Todo › should clear text input field when an item is added" classname="demo-todo-app1.spec.js" time="1.889">
</testcase>
<testcase name="New Todo › should append new items to the bottom of the list" classname="demo-todo-app1.spec.js" time="1.955">
</testcase>
<testcase name="Mark all as completed › should allow me to mark all items as completed" classname="demo-todo-app1.spec.js" time="2.093">
</testcase>
<testcase name="Mark all as completed › should allow me to clear the complete state of all items" classname="demo-todo-app1.spec.js" time="2.144">
</testcase>
<testcase name="Mark all as completed › complete all checkbox should update state when items are completed / cleared" classname="demo-todo-app1.spec.js" time="2.184">
</testcase>
<testcase name="Item › should allow me to mark items as complete" classname="demo-todo-app1.spec.js" time="0.483">
</testcase>
<testcase name="Item › should allow me to un-mark items as complete" classname="demo-todo-app1.spec.js" time="0.513">
</testcase>
<testcase name="Item › should allow me to edit an item" classname="demo-todo-app1.spec.js" time="0.478">
</testcase>
<testcase name="Editing › should hide other controls when editing" classname="demo-todo-app1.spec.js" time="0.48">
</testcase>
<testcase name="Editing › should save edits on blur" classname="demo-todo-app1.spec.js" time="0.463">
</testcase>
<testcase name="Editing › should trim entered text" classname="demo-todo-app1.spec.js" time="0.499">
</testcase>
<testcase name="Editing › should remove the item if an empty text string was entered" classname="demo-todo-app1.spec.js" time="0.487">
</testcase>
<testcase name="Editing › should cancel edits on escape" classname="demo-todo-app1.spec.js" time="0.448">
</testcase>
<testcase name="Counter › should display the current number of todo items" classname="demo-todo-app1.spec.js" time="0.339">
</testcase>
<testcase name="Clear completed button › should display the correct text" classname="demo-todo-app1.spec.js" time="0.431">
</testcase>
<testcase name="Clear completed button › should remove completed items when clicked" classname="demo-todo-app1.spec.js" time="0.438">
</testcase>
<testcase name="Clear completed button › should be hidden when there are no items that are completed" classname="demo-todo-app1.spec.js" time="0.457">
</testcase>
<testcase name="Persistence › should persist its data" classname="demo-todo-app1.spec.js" time="0.46">
</testcase>
<testcase name="Routing › should allow me to display active items" classname="demo-todo-app1.spec.js" time="0.494">
</testcase>
<testcase name="Routing › should respect the back button" classname="demo-todo-app1.spec.js" time="0.567">
</testcase>
<testcase name="Routing › should allow me to display completed items" classname="demo-todo-app1.spec.js" time="0.426">
</testcase>
<testcase name="Routing › should allow me to display all items" classname="demo-todo-app1.spec.js" time="0.491">
</testcase>
<testcase name="Routing › should highlight the currently applied filter" classname="demo-todo-app1.spec.js" time="0.359">
</testcase>
</testsuite>
</testsuites>